10:43:13,562 urllib3.connectionpool DEBUG Starting new HTTP connection (1): localhost:3600
10:43:38,325 urllib3.connectionpool DEBUG http://localhost:3600 "POST /process-document/ HTTP/1.1" 200 1281
10:43:39,393 PIL.Image DEBUG Importing PngImagePlugin
10:43:39,401 PIL.PngImagePlugin DEBUG STREAM b'IHDR' 16 13
10:43:39,401 PIL.PngImagePlugin DEBUG STREAM b'IDAT' 41 65536
10:43:39,482 PIL.PngImagePlugin DEBUG STREAM b'IHDR' 16 13
10:43:39,482 PIL.PngImagePlugin DEBUG STREAM b'IDAT' 41 65536
10:43:39,902 PIL.PngImagePlugin DEBUG STREAM b'IHDR' 16 13
10:43:39,902 PIL.PngImagePlugin DEBUG STREAM b'IDAT' 41 65536
10:43:40,311 PIL.PngImagePlugin DEBUG STREAM b'IHDR' 16 13
10:43:40,311 PIL.PngImagePlugin DEBUG STREAM b'IDAT' 41 65536
10:43:40,311 PIL.PngImagePlugin DEBUG STREAM b'IHDR' 16 13
10:43:40,311 PIL.PngImagePlugin DEBUG STREAM b'cHRM' 41 32
10:43:40,311 PIL.PngImagePlugin DEBUG STREAM b'bKGD' 85 6
10:43:40,311 PIL.PngImagePlugin DEBUG b'bKGD' 85 6 (unknown)
10:43:40,311 PIL.PngImagePlugin DEBUG STREAM b'pHYs' 103 9
10:43:40,311 PIL.PngImagePlugin DEBUG STREAM b'orNT' 124 1
10:43:40,311 PIL.PngImagePlugin DEBUG b'orNT' 124 1 (unknown)
10:43:40,311 PIL.PngImagePlugin DEBUG STREAM b'IDAT' 137 32768
10:43:40,313 PIL.PngImagePlugin DEBUG STREAM b'eXIf' 97289 26
10:43:40,313 PIL.PngImagePlugin DEBUG STREAM b'tEXt' 97327 37
10:43:40,313 PIL.PngImagePlugin DEBUG STREAM b'tEXt' 97376 37
10:43:40,313 PIL.PngImagePlugin DEBUG STREAM b'tEXt' 97425 40
10:43:41,174 urllib3.connectionpool DEBUG Starting new HTTP connection (1): localhost:3600
10:45:27,73 urllib3.connectionpool DEBUG http://localhost:3600 "POST /process-document/ HTTP/1.1" 200 9627
10:45:27,778 PIL.PngImagePlugin DEBUG STREAM b'IHDR' 16 13
10:45:27,778 PIL.PngImagePlugin DEBUG STREAM b'IDAT' 41 65536
10:45:27,841 PIL.PngImagePlugin DEBUG STREAM b'IHDR' 16 13
10:45:27,841 PIL.PngImagePlugin DEBUG STREAM b'IDAT' 41 65536
10:45:28,305 PIL.PngImagePlugin DEBUG STREAM b'IHDR' 16 13
10:45:28,305 PIL.PngImagePlugin DEBUG STREAM b'IDAT' 41 65536
10:45:28,613 PIL.PngImagePlugin DEBUG STREAM b'IHDR' 16 13
10:45:28,613 PIL.PngImagePlugin DEBUG STREAM b'IDAT' 41 65536
10:45:28,616 PIL.PngImagePlugin DEBUG STREAM b'IHDR' 16 13
10:45:28,616 PIL.PngImagePlugin DEBUG STREAM b'cHRM' 41 32
10:45:28,616 PIL.PngImagePlugin DEBUG STREAM b'bKGD' 85 6
10:45:28,616 PIL.PngImagePlugin DEBUG b'bKGD' 85 6 (unknown)
10:45:28,616 PIL.PngImagePlugin DEBUG STREAM b'pHYs' 103 9
10:45:28,616 PIL.PngImagePlugin DEBUG STREAM b'orNT' 124 1
10:45:28,616 PIL.PngImagePlugin DEBUG b'orNT' 124 1 (unknown)
10:45:28,616 PIL.PngImagePlugin DEBUG STREAM b'IDAT' 137 32768
10:45:28,618 PIL.PngImagePlugin DEBUG STREAM b'eXIf' 97289 26
10:45:28,618 PIL.PngImagePlugin DEBUG STREAM b'tEXt' 97327 37
10:45:28,618 PIL.PngImagePlugin DEBUG STREAM b'tEXt' 97376 37
10:45:28,618 PIL.PngImagePlugin DEBUG STREAM b'tEXt' 97425 40
10:45:28,626 PIL.PngImagePlugin DEBUG STREAM b'IHDR' 16 13
10:45:28,627 PIL.PngImagePlugin DEBUG STREAM b'cHRM' 41 32
10:45:28,627 PIL.PngImagePlugin DEBUG STREAM b'bKGD' 85 6
10:45:28,627 PIL.PngImagePlugin DEBUG b'bKGD' 85 6 (unknown)
10:45:28,627 PIL.PngImagePlugin DEBUG STREAM b'pHYs' 103 9
10:45:28,627 PIL.PngImagePlugin DEBUG STREAM b'orNT' 124 1
10:45:28,627 PIL.PngImagePlugin DEBUG b'orNT' 124 1 (unknown)
10:45:28,627 PIL.PngImagePlugin DEBUG STREAM b'IDAT' 137 32768
10:45:28,628 PIL.PngImagePlugin DEBUG STREAM b'eXIf' 97289 26
10:45:28,628 PIL.PngImagePlugin DEBUG STREAM b'tEXt' 97327 37
10:45:28,628 PIL.PngImagePlugin DEBUG STREAM b'tEXt' 97376 37
10:45:28,628 PIL.PngImagePlugin DEBUG STREAM b'tEXt' 97425 40
10:45:28,637 PIL.PngImagePlugin DEBUG STREAM b'IHDR' 16 13
10:45:28,637 PIL.PngImagePlugin DEBUG STREAM b'cHRM' 41 32
10:45:28,637 PIL.PngImagePlugin DEBUG STREAM b'bKGD' 85 6
10:45:28,637 PIL.PngImagePlugin DEBUG b'bKGD' 85 6 (unknown)
10:45:28,637 PIL.PngImagePlugin DEBUG STREAM b'pHYs' 103 9
10:45:28,637 PIL.PngImagePlugin DEBUG STREAM b'orNT' 124 1
10:45:28,637 PIL.PngImagePlugin DEBUG b'orNT' 124 1 (unknown)
10:45:28,637 PIL.PngImagePlugin DEBUG STREAM b'IDAT' 137 32768
10:45:28,638 PIL.PngImagePlugin DEBUG STREAM b'eXIf' 97289 26
10:45:28,638 PIL.PngImagePlugin DEBUG STREAM b'tEXt' 97327 37
10:45:28,638 PIL.PngImagePlugin DEBUG STREAM b'tEXt' 97376 37
10:45:28,638 PIL.PngImagePlugin DEBUG STREAM b'tEXt' 97425 40
10:45:28,646 PIL.PngImagePlugin DEBUG STREAM b'IHDR' 16 13
10:45:28,646 PIL.PngImagePlugin DEBUG STREAM b'cHRM' 41 32
10:45:28,646 PIL.PngImagePlugin DEBUG STREAM b'bKGD' 85 6
10:45:28,647 PIL.PngImagePlugin DEBUG b'bKGD' 85 6 (unknown)
10:45:28,647 PIL.PngImagePlugin DEBUG STREAM b'pHYs' 103 9
10:45:28,647 PIL.PngImagePlugin DEBUG STREAM b'orNT' 124 1
10:45:28,647 PIL.PngImagePlugin DEBUG b'orNT' 124 1 (unknown)
10:45:28,647 PIL.PngImagePlugin DEBUG STREAM b'IDAT' 137 32768
10:45:28,648 PIL.PngImagePlugin DEBUG STREAM b'eXIf' 97289 26
10:45:28,648 PIL.PngImagePlugin DEBUG STREAM b'tEXt' 97327 37
10:45:28,648 PIL.PngImagePlugin DEBUG STREAM b'tEXt' 97376 37
10:45:28,648 PIL.PngImagePlugin DEBUG STREAM b'tEXt' 97425 40
10:45:28,658 PIL.PngImagePlugin DEBUG STREAM b'IHDR' 16 13
10:45:28,658 PIL.PngImagePlugin DEBUG STREAM b'cHRM' 41 32
10:45:28,658 PIL.PngImagePlugin DEBUG STREAM b'bKGD' 85 6
10:45:28,658 PIL.PngImagePlugin DEBUG b'bKGD' 85 6 (unknown)
10:45:28,658 PIL.PngImagePlugin DEBUG STREAM b'pHYs' 103 9
10:45:28,658 PIL.PngImagePlugin DEBUG STREAM b'orNT' 124 1
10:45:28,658 PIL.PngImagePlugin DEBUG b'orNT' 124 1 (unknown)
10:45:28,658 PIL.PngImagePlugin DEBUG STREAM b'IDAT' 137 32768
10:45:28,660 PIL.PngImagePlugin DEBUG STREAM b'eXIf' 97289 26
10:45:28,660 PIL.PngImagePlugin DEBUG STREAM b'tEXt' 97327 37
10:45:28,660 PIL.PngImagePlugin DEBUG STREAM b'tEXt' 97376 37
10:45:28,660 PIL.PngImagePlugin DEBUG STREAM b'tEXt' 97425 40
08:58:15,907 urllib3.connectionpool DEBUG Starting new HTTP connection (1): localhost:3600
